[0.022s][info][gc] Using The Z Garbage Collector
[0.168s][info][gc] GC(0) Garbage Collection (Warmup) 4M(17%)->4M(17%)
[3.375s][info][gc] GC(1) Garbage Collection (Warmup) 6M(25%)->6M(25%)
[3.478s][info][gc] GC(2) Garbage Collection (Warmup) 10M(42%)->10M(42%)
[3.562s][info][gc] GC(3) Garbage Collection (Allocation Rate) 16M(67%)->8M(33%)
[3.686s][info][gc] GC(4) Garbage Collection (Allocation Rate) 10M(42%)->8M(33%)
[3.772s][info][gc] GC(5) Garbage Collection (Allocation Rate) 10M(42%)->8M(33%)
[3.886s][info][gc] GC(6) Garbage Collection (Allocation Rate) 10M(42%)->8M(33%)
[3.974s][info][gc] GC(7) Garbage Collection (Allocation Rate) 10M(42%)->8M(33%)
[4.073s][info][gc] GC(8) Garbage Collection (Allocation Rate) 8M(33%)->10M(42%)
[4.176s][info][gc] GC(9) Garbage Collection (Allocation Rate) 10M(42%)->10M(42%)
[4.265s][info][gc] GC(10) Garbage Collection (Allocation Rate) 10M(42%)->8M(33%)
[4.360s][info][gc] GC(11) Garbage Collection (Allocation Rate) 10M(42%)->10M(42%)
[17.962s][info][gc] GC(12) Garbage Collection (Proactive) 14M(58%)->8M(33%)
[18.974s][info][gc] GC(13) Garbage Collection (Proactive) 12M(50%)->10M(42%)
[28.728s][info][gc] Allocation Stall (main) 15.351ms
[28.728s][info][gc] GC(14) Garbage Collection (Allocation Stall) 24M(100%)->14M(58%)
[28.756s][info][gc] Allocation Stall (main) 12.751ms
[28.758s][info][gc] GC(15) Garbage Collection (Allocation Stall) 24M(100%)->14M(58%)
[28.876s][info][gc] GC(16) Garbage Collection (Allocation Rate) 22M(92%)->8M(33%)
[28.973s][info][gc] GC(17) Garbage Collection (Allocation Rate) 10M(42%)->10M(42%)
[29.065s][info][gc] GC(18) Garbage Collection (Allocation Rate) 10M(42%)->10M(42%)
[29.173s][info][gc] GC(19) Garbage Collection (Allocation Rate) 10M(42%)->10M(42%)
[29.266s][info][gc] GC(20) Garbage Collection (Allocation Rate) 10M(42%)->10M(42%)
[29.374s][info][gc] GC(21) Garbage Collection (Allocation Rate) 10M(42%)->10M(42%)
[29.468s][info][gc] GC(22) Garbage Collection (Allocation Rate) 10M(42%)->10M(42%)
[29.560s][info][gc] GC(23) Garbage Collection (Allocation Rate) 10M(42%)->10M(42%)
[29.969s][info][gc] GC(24) Garbage Collection (Allocation Rate) 12M(50%)->10M(42%)
[30.061s][info][gc] GC(25) Garbage Collection (Allocation Rate) 10M(42%)->10M(42%)
[30.170s][info][gc] GC(26) Garbage Collection (Allocation Rate) 10M(42%)->10M(42%)
[30.263s][info][gc] GC(27) Garbage Collection (Allocation Rate) 10M(42%)->10M(42%)
[30.370s][info][gc] GC(28) Garbage Collection (Allocation Rate) 10M(42%)->10M(42%)
[30.462s][info][gc] GC(29) Garbage Collection (Allocation Rate) 10M(42%)->10M(42%)
[30.572s][info][gc] GC(30) Garbage Collection (Allocation Rate) 10M(42%)->10M(42%)
[38.964s][info][gc] GC(31) Garbage Collection (Proactive) 14M(58%)->10M(42%)
[40.271s][info][gc] GC(32) Garbage Collection (Proactive) 14M(58%)->12M(50%)
[51.065s][info][gc] GC(33) Garbage Collection (Proactive) 16M(67%)->12M(50%)
[62.073s][info][gc] GC(34) Garbage Collection (Proactive) 16M(67%)->10M(42%)
[73.073s][info][gc] GC(35) Garbage Collection (Proactive) 14M(58%)->10M(42%)
[83.073s][info][gc] GC(36) Garbage Collection (Proactive) 14M(58%)->10M(42%)
[93.965s][info][gc] GC(37) Garbage Collection (Proactive) 14M(58%)->12M(50%)
[119.069s][info][gc] GC(38) Garbage Collection (Proactive) 16M(67%)->10M(42%)
[131.075s][info][gc] GC(39) Garbage Collection (Proactive) 14M(58%)->10M(42%)
[145.063s][info][gc] GC(40) Garbage Collection (Proactive) 14M(58%)->10M(42%)
[155.173s][info][gc] GC(41) Garbage Collection (Proactive) 14M(58%)->10M(42%)
[167.174s][info][gc] GC(42) Garbage Collection (Proactive) 14M(58%)->8M(33%)
[180.467s][info][gc] GC(43) Garbage Collection (Proactive) 14M(58%)->10M(42%)
[192.177s][info][gc] GC(44) Garbage Collection (Proactive) 14M(58%)->8M(33%)
