[0.015s][info][gc] Using Parallel
[1.082s][info][gc] GC(0) Pause Young (Allocation Failure) 3M->1M(11M) 3.370ms
[10.894s][info][gc] GC(1) Pause Young (Allocation Failure) 4M->2M(11M) 2.374ms
[10.970s][info][gc] GC(2) Pause Young (Allocation Failure) 5M->3M(11M) 1.739ms
[11.014s][info][gc] GC(3) Pause Young (Allocation Failure) 6M->4M(11M) 2.624ms
[11.040s][info][gc] GC(4) Pause Young (Allocation Failure) 7M->5M(11M) 3.068ms
[11.342s][info][gc] GC(5) Pause Young (Allocation Failure) 8M->6M(10M) 2.669ms
[11.439s][info][gc] GC(6) Pause Young (Allocation Failure) 8M->6M(11M) 2.129ms
[11.452s][info][gc] GC(7) Pause Full (Ergonomics) 6M->4M(11M) 12.819ms
[14.497s][info][gc] GC(8) Pause Young (Allocation Failure) 6M->4M(11M) 0.933ms
[25.925s][info][gc] GC(9) Pause Young (Allocation Failure) 5M->4M(11M) 0.594ms
[34.499s][info][gc] GC(10) Pause Young (Allocation Failure) 6M->5M(11M) 1.156ms
[38.587s][info][gc] GC(11) Pause Young (Allocation Failure) 7M->6M(11M) 0.747ms
[38.592s][info][gc] GC(12) Pause Young (Allocation Failure) 8M->6M(11M) 0.467ms
[38.621s][info][gc] GC(13) Pause Full (Ergonomics) 6M->5M(11M) 29.448ms
[38.636s][info][gc] GC(14) Pause Young (Allocation Failure) 7M->5M(11M) 0.483ms
[38.651s][info][gc] GC(15) Pause Young (Allocation Failure) 7M->5M(11M) 0.273ms
[38.654s][info][gc] GC(16) Pause Young (Allocation Failure) 7M->6M(11M) 0.239ms
[38.657s][info][gc] GC(17) Pause Young (Allocation Failure) 8M->6M(11M) 0.246ms
[38.660s][info][gc] GC(18) Pause Young (Allocation Failure) 8M->6M(11M) 0.203ms
[38.664s][info][gc] GC(19) Pause Young (Allocation Failure) 8M->6M(11M) 0.284ms
[38.667s][info][gc] GC(20) Pause Young (Allocation Failure) 8M->6M(11M) 0.410ms
[38.678s][info][gc] GC(21) Pause Full (Ergonomics) 6M->6M(11M) 11.357ms
[38.682s][info][gc] GC(22) Pause Young (Allocation Failure) 8M->6M(11M) 0.291ms
[38.685s][info][gc] GC(23) Pause Young (Allocation Failure) 8M->6M(11M) 0.271ms
[38.688s][info][gc] GC(24) Pause Young (Allocation Failure) 8M->6M(11M) 0.264ms
[38.691s][info][gc] GC(25) Pause Young (Allocation Failure) 8M->6M(11M) 0.254ms
[38.695s][info][gc] GC(26) Pause Young (Allocation Failure) 8M->6M(11M) 0.283ms
[47.504s][info][gc] GC(27) Pause Young (Allocation Failure) 8M->6M(11M) 0.535ms
[55.540s][info][gc] GC(28) Pause Young (Allocation Failure) 8M->7M(11M) 0.479ms
[72.557s][info][gc] GC(29) Pause Young (Allocation Failure) 9M->7M(11M) 0.717ms
[72.568s][info][gc] GC(30) Pause Full (Ergonomics) 7M->5M(11M) 11.388ms
[85.526s][info][gc] GC(31) Pause Young (Allocation Failure) 7M->5M(11M) 0.436ms
[102.578s][info][gc] GC(32) Pause Young (Allocation Failure) 7M->5M(11M) 0.467ms
[120.544s][info][gc] GC(33) Pause Young (Allocation Failure) 7M->5M(11M) 0.342ms
[137.604s][info][gc] GC(34) Pause Young (Allocation Failure) 7M->5M(11M) 0.315ms
[155.616s][info][gc] GC(35) Pause Young (Allocation Failure) 7M->5M(11M) 0.316ms
[173.574s][info][gc] GC(36) Pause Young (Allocation Failure) 7M->5M(11M) 0.327ms
[184.185s][info][gc] GC(37) Pause Young (Allocation Failure) 7M->5M(11M) 0.329ms
[193.580s][info][gc] GC(38) Pause Young (Allocation Failure) 7M->5M(11M) 0.303ms
