[0.011s][info][gc] Using G1
[1.374s][info][gc] GC(0) Pause Young (Normal) (G1 Evacuation Pause) 4M->2M(12M) 3.577ms
[1.413s][info][gc] GC(1) Pause Young (Normal) (G1 Evacuation Pause) 3M->2M(12M) 2.115ms
[1.435s][info][gc] GC(2) Pause Young (Normal) (G1 Evacuation Pause) 3M->2M(12M) 0.976ms
[1.476s][info][gc] GC(3) Pause Young (Normal) (G1 Evacuation Pause) 4M->3M(12M) 1.158ms
[1.531s][info][gc] GC(4) Pause Young (Normal) (G1 Evacuation Pause) 5M->3M(12M) 1.726ms
[1.562s][info][gc] GC(5) Pause Young (Normal) (G1 Evacuation Pause) 6M->3M(12M) 1.297ms
[1.829s][info][gc] GC(6) Pause Young (Normal) (G1 Evacuation Pause) 6M->3M(12M) 1.429ms
[2.070s][info][gc] GC(7) Pause Young (Normal) (G1 Evacuation Pause) 6M->4M(12M) 2.123ms
[2.216s][info][gc] GC(8) Pause Young (Normal) (G1 Evacuation Pause) 6M->4M(12M) 2.499ms
[12.244s][info][gc] GC(9) Pause Young (Normal) (G1 Evacuation Pause) 6M->4M(12M) 1.615ms
[15.839s][info][gc] GC(10) Pause Young (Concurrent Start) (G1 Humongous Allocation) 5M->4M(12M) 1.700ms
[15.839s][info][gc] GC(11) Concurrent Undo Cycle
[15.839s][info][gc] GC(11) Concurrent Undo Cycle 0.179ms
[22.687s][info][gc] GC(12) Pause Young (Concurrent Start) (G1 Humongous Allocation) 6M->5M(12M) 1.651ms
[22.687s][info][gc] GC(13) Concurrent Mark Cycle
[22.693s][info][gc] GC(14) Pause Young (Normal) (G1 Evacuation Pause) 8M->6M(12M) 1.446ms
[22.698s][info][gc] GC(13) Pause Remark 7M->7M(12M) 3.043ms
[22.700s][info][gc] GC(15) Pause Young (Normal) (G1 Evacuation Pause) 7M->6M(12M) 1.396ms
[22.703s][info][gc] GC(13) Pause Cleanup 6M->6M(12M) 0.059ms
[22.703s][info][gc] GC(13) Concurrent Mark Cycle 16.022ms
[22.709s][info][gc] GC(16) Pause Young (Prepare Mixed) (G1 Evacuation Pause) 7M->6M(12M) 1.387ms
[22.719s][info][gc] GC(17) Pause Young (Mixed) (G1 Evacuation Pause) 7M->6M(12M) 2.706ms
[22.731s][info][gc] GC(18) Pause Young (Concurrent Start) (G1 Evacuation Pause) 8M->6M(12M) 1.457ms
[22.731s][info][gc] GC(19) Concurrent Mark Cycle
[22.736s][info][gc] GC(20) Pause Young (Normal) (G1 Evacuation Pause) 8M->6M(12M) 1.407ms
[22.740s][info][gc] GC(21) Pause Young (Normal) (G1 Evacuation Pause) 8M->6M(12M) 0.972ms
[22.742s][info][gc] GC(19) Pause Remark 6M->6M(12M) 1.572ms
[22.742s][info][gc] GC(19) Pause Cleanup 6M->6M(12M) 0.003ms
[22.742s][info][gc] GC(19) Concurrent Mark Cycle 10.856ms
[22.745s][info][gc] GC(22) Pause Young (Normal) (G1 Evacuation Pause) 8M->6M(12M) 0.892ms
[22.748s][info][gc] GC(23) Pause Young (Concurrent Start) (G1 Evacuation Pause) 7M->6M(12M) 0.811ms
[22.748s][info][gc] GC(24) Concurrent Mark Cycle
[22.750s][info][gc] GC(25) Pause Young (Normal) (G1 Evacuation Pause) 7M->6M(12M) 0.627ms
[22.752s][info][gc] GC(26) Pause Young (Normal) (G1 Evacuation Pause) 7M->6M(12M) 0.615ms
[22.754s][info][gc] GC(27) Pause Young (Normal) (G1 Evacuation Pause) 7M->6M(12M) 0.620ms
[22.756s][info][gc] GC(28) Pause Young (Normal) (G1 Evacuation Pause) 7M->6M(12M) 0.603ms
[22.760s][info][gc] GC(24) Pause Remark 7M->7M(12M) 2.729ms
[22.762s][info][gc] GC(29) Pause Young (Normal) (G1 Evacuation Pause) 7M->6M(12M) 0.652ms
[22.764s][info][gc] GC(30) Pause Young (Normal) (G1 Evacuation Pause) 7M->6M(12M) 0.630ms
[22.765s][info][gc] GC(24) Pause Cleanup 7M->7M(12M) 0.068ms
[22.765s][info][gc] GC(24) Concurrent Mark Cycle 17.306ms
[22.766s][info][gc] GC(31) Pause Young (Prepare Mixed) (G1 Evacuation Pause) 7M->6M(12M) 0.271ms
[22.770s][info][gc] GC(32) Pause Young (Mixed) (G1 Evacuation Pause) 7M->6M(12M) 1.898ms
[22.772s][info][gc] GC(33) Pause Young (Concurrent Start) (G1 Evacuation Pause) 7M->6M(12M) 0.722ms
[22.772s][info][gc] GC(34) Concurrent Mark Cycle
[22.775s][info][gc] GC(35) Pause Young (Normal) (G1 Evacuation Pause) 7M->6M(12M) 0.621ms
[22.778s][info][gc] GC(36) Pause Young (Normal) (G1 Evacuation Pause) 7M->6M(12M) 0.733ms
[22.780s][info][gc] GC(37) Pause Young (Normal) (G1 Evacuation Pause) 7M->6M(12M) 0.682ms
[22.785s][info][gc] GC(34) Pause Remark 8M->8M(12M) 2.766ms
[22.788s][info][gc] GC(34) Pause Cleanup 8M->8M(12M) 0.088ms
[22.788s][info][gc] GC(34) Concurrent Mark Cycle 15.346ms
[23.249s][info][gc] GC(38) Pause Young (Normal) (G1 Evacuation Pause) 8M->5M(12M) 0.866ms
[27.249s][info][gc] GC(39) Pause Young (Concurrent Start) (G1 Evacuation Pause) 6M->5M(12M) 1.012ms
[27.249s][info][gc] GC(40) Concurrent Mark Cycle
[27.257s][info][gc] GC(40) Pause Remark 5M->5M(12M) 1.651ms
[27.260s][info][gc] GC(40) Pause Cleanup 5M->5M(12M) 0.090ms
[27.260s][info][gc] GC(40) Concurrent Mark Cycle 11.533ms
[43.263s][info][gc] GC(41) Pause Young (Prepare Mixed) (G1 Evacuation Pause) 8M->6M(12M) 1.148ms
[51.269s][info][gc] GC(42) Pause Young (Mixed) (G1 Evacuation Pause) 7M->5M(12M) 1.943ms
[68.284s][info][gc] GC(43) Pause Young (Concurrent Start) (G1 Evacuation Pause) 7M->5M(12M) 0.991ms
[68.284s][info][gc] GC(44) Concurrent Mark Cycle
[68.293s][info][gc] GC(44) Pause Remark 6M->6M(12M) 2.105ms
[68.293s][info][gc] GC(44) Pause Cleanup 6M->6M(12M) 0.004ms
[68.293s][info][gc] GC(44) Concurrent Mark Cycle 8.770ms
[85.299s][info][gc] GC(45) Pause Young (Normal) (G1 Evacuation Pause) 7M->5M(12M) 0.901ms
[103.273s][info][gc] GC(46) Pause Young (Concurrent Start) (G1 Evacuation Pause) 7M->5M(12M) 0.987ms
[103.273s][info][gc] GC(47) Concurrent Mark Cycle
[103.282s][info][gc] GC(47) Pause Remark 6M->6M(12M) 2.109ms
[103.282s][info][gc] GC(47) Pause Cleanup 6M->6M(12M) 0.004ms
[103.282s][info][gc] GC(47) Concurrent Mark Cycle 8.991ms
[120.332s][info][gc] GC(48) Pause Young (Normal) (G1 Evacuation Pause) 7M->5M(12M) 1.091ms
[138.357s][info][gc] GC(49) Pause Young (Concurrent Start) (G1 Evacuation Pause) 7M->5M(12M) 0.869ms
[138.357s][info][gc] GC(50) Concurrent Mark Cycle
[138.366s][info][gc] GC(50) Pause Remark 6M->6M(12M) 1.842ms
[138.366s][info][gc] GC(50) Pause Cleanup 6M->6M(12M) 0.003ms
[138.366s][info][gc] GC(50) Concurrent Mark Cycle 9.496ms
[155.378s][info][gc] GC(51) Pause Young (Normal) (G1 Evacuation Pause) 7M->4M(12M) 1.180ms
[169.190s][info][gc] GC(52) Pause Young (Concurrent Start) (G1 Humongous Allocation) 6M->4M(12M) 1.218ms
[169.190s][info][gc] GC(53) Concurrent Mark Cycle
[169.199s][info][gc] GC(53) Pause Remark 5M->5M(12M) 1.919ms
[169.199s][info][gc] GC(53) Pause Cleanup 5M->5M(12M) 0.003ms
[169.199s][info][gc] GC(53) Concurrent Mark Cycle 9.080ms
[195.399s][info][gc] GC(54) Pause Young (Normal) (G1 Evacuation Pause) 8M->4M(12M) 1.222ms
